---
source: crates/react_refresh/src/lib.rs
expression: actual
---
[
    (
        "App.tsx",
        false,
        false,
        true,
    ),
    (
        "App.jsx",
        false,
        false,
        true,
    ),
    (
        "App.js",
        false,
        false,
        false,
    ),
    (
        "App.js",
        true,
        false,
        true,
    ),
    (
        "App.test.tsx",
        false,
        true,
        false,
    ),
    (
        "App.stories.jsx",
        false,
        true,
        false,
    ),
    (
        "App.ts",
        false,
        false,
        false,
    ),
]
