---
source: crates/eslint_comments/src/rule_no_unused_disable.rs
expression: "no_unused_disable(&comments, &problems)"
---
[
    Diagnostic {
        message_id: "unusedRule",
        data: DiagnosticData {
            kind: None,
            rule_id: Some(
                "no-undef",
            ),
            count: None,
        },
        loc: Location {
            start: Position {
                line: 1,
                column: 17,
            },
            end: Position {
                line: 1,
                column: 25,
            },
        },
    },
]
